1.772: [GC [PSYoungGen: 196608K->6104K(229376K)] 196608K->6112K(753664K), 0.0121502 secs] [Times: user=0.03 sys=0.00, real=0.01 secs] 
2.517: [GC [PSYoungGen: 202712K->11224K(229376K)] 202720K->11232K(753664K), 0.0171648 secs] [Times: user=0.01 sys=0.00, real=0.02 secs] 
3.250: [GC [PSYoungGen: 207832K->16472K(229376K)] 207840K->16488K(753664K), 0.0205745 secs] [Times: user=0.05 sys=0.00, real=0.02 secs] 
3.969: [GC [PSYoungGen: 213080K->21368K(229376K)] 213096K->21384K(753664K), 0.0262319 secs] [Times: user=0.05 sys=0.02, real=0.03 secs] 
4.694: [GC [PSYoungGen: 217976K->26008K(229376K)] 217992K->26032K(753664K), 0.0242576 secs] [Times: user=0.09 sys=0.00, real=0.02 secs] 
5.419: [GC [PSYoungGen: 222616K->30360K(220160K)] 222640K->30384K(744448K), 0.0349748 secs] [Times: user=0.05 sys=0.00, real=0.04 secs] 
6.128: [GC [PSYoungGen: 218776K->24928K(213504K)] 218800K->35512K(737792K), 0.0335129 secs] [Times: user=0.09 sys=0.00, real=0.03 secs] 
7.048: [GC [PSYoungGen: 213344K->19968K(226304K)] 223928K->40184K(750592K), 0.0568832 secs] [Times: user=0.25 sys=0.00, real=0.06 secs] 
8.104: [GC [PSYoungGen: 208384K->15392K(224256K)] 228600K->44656K(748544K), 0.0453941 secs] [Times: user=0.09 sys=0.00, real=0.05 secs] 
8.865: [GC [PSYoungGen: 203808K->9536K(227328K)] 233072K->48860K(751616K), 0.0264437 secs] [Times: user=0.03 sys=0.00, real=0.03 secs] 
9.636: [GC [PSYoungGen: 202048K->4992K(197632K)] 241372K->53452K(721920K), 0.0186603 secs] [Times: user=0.06 sys=0.00, real=0.02 secs] 
10.376: [GC [PSYoungGen: 197504K->5056K(225792K)] 245964K->58484K(750080K), 0.0161523 secs] [Times: user=0.01 sys=0.00, real=0.02 secs] 
11.097: [GC [PSYoungGen: 195520K->5152K(226304K)] 248948K->63332K(750592K), 0.0150210 secs] [Times: user=0.05 sys=0.00, real=0.02 secs] 
11.848: [GC [PSYoungGen: 195616K->8384K(227840K)] 253796K->71740K(752128K), 0.0354584 secs] [Times: user=0.06 sys=0.00, real=0.04 secs] 
12.591: [GC [PSYoungGen: 200896K->5312K(226816K)] 264252K->75004K(751104K), 0.0194341 secs] [Times: user=0.09 sys=0.00, real=0.02 secs] 
13.325: [GC [PSYoungGen: 197824K->4928K(228864K)] 267516K->79668K(753152K), 0.0208498 secs] [Times: user=0.05 sys=0.00, real=0.02 secs] 
14.092: [GC [PSYoungGen: 200000K->4224K(228352K)] 274740K->83924K(752640K), 0.0191165 secs] [Times: user=0.03 sys=0.00, real=0.02 secs] 
15.127: [GC [PSYoungGen: 199296K->5504K(230912K)] 278996K->89468K(755200K), 0.0195457 secs] [Times: user=0.05 sys=0.00, real=0.02 secs] 
16.179: [GC [PSYoungGen: 204160K->5056K(229888K)] 288124K->94276K(754176K), 0.0242961 secs] [Times: user=0.03 sys=0.00, real=0.02 secs] 
17.237: [GC [PSYoungGen: 203712K->4352K(232960K)] 292932K->98668K(757248K), 0.0212188 secs] [Times: user=0.08 sys=0.00, real=0.02 secs] 
18.291: [GC [PSYoungGen: 207104K->5600K(231936K)] 301420K->104276K(756224K), 0.0233630 secs] [Times: user=0.03 sys=0.00, real=0.02 secs] 
19.327: [GC [PSYoungGen: 208352K->5312K(235008K)] 307028K->109348K(759296K), 0.0258412 secs] [Times: user=0.06 sys=0.00, real=0.03 secs] 
20.468: [GC [PSYoungGen: 212160K->4544K(233984K)] 316196K->113884K(758272K), 0.0165979 secs] [Times: user=0.05 sys=0.02, real=0.02 secs] 
21.450: [GC [PSYoungGen: 211392K->5696K(237568K)] 320732K->119556K(761856K), 0.0240026 secs] [Times: user=0.06 sys=0.00, real=0.02 secs] 
22.521: [GC [PSYoungGen: 217152K->5504K(236032K)] 331012K->124788K(760320K), 0.0193292 secs] [Times: user=0.06 sys=0.00, real=0.02 secs] 
23.535: [GC [PSYoungGen: 216960K->4640K(239616K)] 336244K->129420K(763904K), 0.0178129 secs] [Times: user=0.06 sys=0.00, real=0.02 secs] 
24.382: [GC [PSYoungGen: 220704K->5984K(238592K)] 345484K->135396K(762880K), 0.0275211 secs] [Times: user=0.05 sys=0.00, real=0.03 secs] 
25.217: [GC [PSYoungGen: 222048K->5120K(241664K)] 351460K->140220K(765952K), 0.0234275 secs] [Times: user=0.03 sys=0.00, real=0.02 secs] 
26.116: [GC [PSYoungGen: 225280K->9280K(240640K)] 360380K->149556K(764928K), 0.0622909 secs] [Times: user=0.11 sys=0.01, real=0.06 secs] 
27.014: [GC [PSYoungGen: 229440K->4800K(243200K)] 369716K->154364K(767488K), 0.0313605 secs] [Times: user=0.06 sys=0.00, real=0.03 secs] 
27.869: [GC [PSYoungGen: 228032K->6336K(242176K)] 377596K->160748K(766464K), 0.0294025 secs] [Times: user=0.06 sys=0.00, real=0.03 secs] 
28.733: [GC [PSYoungGen: 229568K->5728K(244736K)] 383980K->166172K(769024K), 0.0299848 secs] [Times: user=0.06 sys=0.00, real=0.03 secs] 
29.609: [GC [PSYoungGen: 232544K->5120K(244224K)] 392988K->171300K(768512K), 0.0244914 secs] [Times: user=0.09 sys=0.00, real=0.02 secs] 
30.494: [GC [PSYoungGen: 231936K->6400K(246784K)] 398116K->177676K(771072K), 0.0238563 secs] [Times: user=0.13 sys=0.00, real=0.02 secs] 
31.354: [GC [PSYoungGen: 236800K->5536K(245760K)] 408076K->182876K(770048K), 0.0320462 secs] [Times: user=0.06 sys=0.00, real=0.03 secs] 
32.268: [GC [PSYoungGen: 235936K->5856K(247808K)] 413276K->188756K(772096K), 0.0309712 secs] [Times: user=0.05 sys=0.00, real=0.03 secs] 
33.176: [GC [PSYoungGen: 238816K->5120K(247296K)] 421716K->193908K(771584K), 0.0292880 secs] [Times: user=0.05 sys=0.01, real=0.03 secs] 
34.074: [GC [PSYoungGen: 238080K->6720K(248832K)] 426868K->200636K(773120K), 0.0311233 secs] [Times: user=0.06 sys=0.00, real=0.03 secs] 
34.989: [GC [PSYoungGen: 241728K->5696K(248320K)] 435644K->206012K(772608K), 0.0310285 secs] [Times: user=0.08 sys=0.00, real=0.03 secs] 
35.911: [GC [PSYoungGen: 240704K->5728K(249856K)] 441020K->211756K(774144K), 0.0298226 secs] [Times: user=0.06 sys=0.00, real=0.03 secs] 
36.828: [GC [PSYoungGen: 242784K->5152K(249344K)] 448812K->216932K(773632K), 0.0303688 secs] [Times: user=0.05 sys=0.00, real=0.03 secs] 
37.745: [GC [PSYoungGen: 242208K->6720K(250880K)] 453988K->223692K(775168K), 0.0317335 secs] [Times: user=0.05 sys=0.02, real=0.03 secs] 
38.681: [GC [PSYoungGen: 245824K->5792K(250368K)] 462796K->229172K(774656K), 0.0279782 secs] [Times: user=0.09 sys=0.00, real=0.03 secs] 
39.630: [GC [PSYoungGen: 244896K->5696K(251392K)] 468276K->234860K(775680K), 0.0259899 secs] [Times: user=0.05 sys=0.00, real=0.03 secs] 
40.566: [GC [PSYoungGen: 246336K->5248K(251392K)] 475500K->240124K(775680K), 0.0250294 secs] [Times: user=0.05 sys=0.00, real=0.03 secs] 
41.492: [GC [PSYoungGen: 245888K->6656K(251904K)] 480764K->246812K(776192K), 0.0268224 secs] [Times: user=0.09 sys=0.00, real=0.03 secs] 
42.413: [GC [PSYoungGen: 248320K->5600K(251904K)] 488476K->252076K(776192K), 0.0297658 secs] [Times: user=0.08 sys=0.00, real=0.03 secs] 
43.351: [GC [PSYoungGen: 247264K->6048K(252416K)] 493740K->258140K(776704K), 0.0311315 secs] [Times: user=0.06 sys=0.00, real=0.03 secs] 
44.392: [GC [PSYoungGen: 248736K->5376K(252416K)] 500828K->263524K(776704K), 0.0279902 secs] [Times: user=0.09 sys=0.00, real=0.03 secs] 
45.326: [GC [PSYoungGen: 248064K->5056K(252928K)] 506212K->268564K(777216K), 0.0296475 secs] [Times: user=0.06 sys=0.00, real=0.03 secs] 
46.250: [GC [PSYoungGen: 248768K->6752K(252928K)] 512276K->275340K(777216K), 0.0318297 secs] [Times: user=0.06 sys=0.00, real=0.03 secs] 
47.197: [GC [PSYoungGen: 250464K->5472K(252928K)] 519052K->280492K(777216K), 0.0312330 secs] [Times: user=0.06 sys=0.01, real=0.03 secs] 
48.141: [GC [PSYoungGen: 249184K->5696K(252928K)] 524204K->286196K(777216K), 0.0301142 secs] [Times: user=0.06 sys=0.00, real=0.03 secs] 
49.086: [GC [PSYoungGen: 249408K->5312K(253440K)] 529908K->291532K(777728K), 0.0291745 secs] [Times: user=0.06 sys=0.00, real=0.03 secs] 
50.110: [GC [PSYoungGen: 250048K->4832K(253440K)] 536268K->304564K(777728K), 0.0923295 secs] [Times: user=0.20 sys=0.00, real=0.09 secs] 
51.122: [GC [PSYoungGen: 249568K->6624K(253440K)] 549300K->311196K(777728K), 0.0397810 secs] [Times: user=0.11 sys=0.00, real=0.04 secs] 
52.077: [GC [PSYoungGen: 251360K->5408K(253440K)] 555932K->316260K(777728K), 0.0402011 secs] [Times: user=0.06 sys=0.00, real=0.04 secs] 
53.024: [GC [PSYoungGen: 250144K->5888K(253952K)] 560996K->322140K(778240K), 0.0409565 secs] [Times: user=0.09 sys=0.00, real=0.04 secs] 
54.005: [GC [PSYoungGen: 251648K->5312K(253952K)] 567900K->327476K(778240K), 0.0364140 secs] [Times: user=0.11 sys=0.00, real=0.04 secs] 
54.960: [GC [PSYoungGen: 251072K->4928K(253952K)] 573236K->332428K(778240K), 0.0371493 secs] [Times: user=0.08 sys=0.00, real=0.04 secs] 
55.912: [GC [PSYoungGen: 250688K->6528K(253952K)] 578188K->338956K(778240K), 0.0392608 secs] [Times: user=0.06 sys=0.00, real=0.04 secs] 
56.863: [GC [PSYoungGen: 252288K->5600K(254464K)] 584716K->344204K(778752K), 0.0442989 secs] [Times: user=0.08 sys=0.00, real=0.04 secs] 
57.841: [GC [PSYoungGen: 251872K->5696K(253952K)] 590476K->349924K(778240K), 0.0380646 secs] [Times: user=0.11 sys=0.00, real=0.04 secs] 
58.788: [GC [PSYoungGen: 251968K->5376K(254464K)] 596196K->355308K(778752K), 0.0393104 secs] [Times: user=0.05 sys=0.02, real=0.04 secs] 
59.751: [GC [PSYoungGen: 252160K->4960K(254464K)] 602092K->360300K(778752K), 0.0366614 secs] [Times: user=0.06 sys=0.00, real=0.04 secs] 
60.701: [GC [PSYoungGen: 251744K->4928K(254464K)] 607084K->365244K(778752K), 0.0289329 secs] [Times: user=0.05 sys=0.00, real=0.03 secs] 
61.637: [GC [PSYoungGen: 251712K->6912K(254464K)] 612028K->372108K(778752K), 0.0336886 secs] [Times: user=0.09 sys=0.00, real=0.03 secs] 
62.597: [GC [PSYoungGen: 253696K->5376K(254464K)] 618892K->377172K(778752K), 0.0433115 secs] [Times: user=0.09 sys=0.00, real=0.04 secs] 
63.567: [GC [PSYoungGen: 252160K->5920K(254464K)] 623956K->383092K(778752K), 0.0455736 secs] [Times: user=0.09 sys=0.02, real=0.04 secs] 
64.599: [GC [PSYoungGen: 252704K->5216K(254464K)] 629876K->388332K(778752K), 0.0344464 secs] [Times: user=0.14 sys=0.00, real=0.04 secs] 
65.644: [GC [PSYoungGen: 252000K->4768K(254464K)] 635116K->393092K(778752K), 0.0340802 secs] [Times: user=0.06 sys=0.00, real=0.03 secs] 
66.592: [GC [PSYoungGen: 251552K->4704K(254464K)] 639876K->397812K(778752K), 0.0297875 secs] [Times: user=0.09 sys=0.00, real=0.03 secs] 
67.540: [GC [PSYoungGen: 251488K->7072K(254464K)] 644596K->404908K(778752K), 0.0335432 secs] [Times: user=0.09 sys=0.00, real=0.03 secs] 
68.498: [GC [PSYoungGen: 253856K->5344K(254464K)] 651692K->409948K(778752K), 0.0335427 secs] [Times: user=0.09 sys=0.00, real=0.03 secs] 
69.453: [GC [PSYoungGen: 252128K->5856K(254464K)] 656732K->415820K(778752K), 0.0421422 secs] [Times: user=0.08 sys=0.00, real=0.04 secs] 
70.407: [GC [PSYoungGen: 252640K->4992K(254464K)] 662604K->420820K(778752K), 0.0381199 secs] [Times: user=0.06 sys=0.00, real=0.04 secs] 
71.368: [GC [PSYoungGen: 251776K->4672K(254464K)] 667604K->425476K(778752K), 0.0368721 secs] [Times: user=0.09 sys=0.00, real=0.04 secs] 
72.320: [GC [PSYoungGen: 251456K->4768K(254464K)] 672260K->430260K(778752K), 0.0369645 secs] [Times: user=0.09 sys=0.00, real=0.04 secs] 
73.269: [GC [PSYoungGen: 251552K->7008K(254464K)] 677044K->437292K(778752K), 0.0422986 secs] [Times: user=0.09 sys=0.00, real=0.04 secs] 
74.230: [GC [PSYoungGen: 253792K->5120K(254464K)] 684076K->442100K(778752K), 0.0405244 secs] [Times: user=0.06 sys=0.00, real=0.04 secs] 
75.213: [GC [PSYoungGen: 251904K->5856K(254464K)] 688884K->447972K(778752K), 0.0385313 secs] [Times: user=0.08 sys=0.00, real=0.04 secs] 
76.175: [GC [PSYoungGen: 252640K->5216K(254464K)] 694756K->453204K(778752K), 0.0389644 secs] [Times: user=0.11 sys=0.00, real=0.04 secs] 
77.143: [GC [PSYoungGen: 252000K->4672K(254464K)] 699988K->457884K(778752K), 0.0383889 secs] [Times: user=0.09 sys=0.00, real=0.04 secs] 
78.103: [GC [PSYoungGen: 251456K->4768K(254464K)] 704668K->462604K(778752K), 0.0376238 secs] [Times: user=0.06 sys=0.00, real=0.04 secs] 
79.055: [GC [PSYoungGen: 251552K->6976K(254464K)] 709388K->469604K(778752K), 0.0410393 secs] [Times: user=0.11 sys=0.00, real=0.04 secs] 
80.010: [GC [PSYoungGen: 253760K->5024K(254464K)] 716388K->474284K(778752K), 0.0641906 secs] [Times: user=0.09 sys=0.00, real=0.06 secs] 
81.016: [GC [PSYoungGen: 251808K->6016K(254464K)] 721068K->480284K(778752K), 0.0436017 secs] [Times: user=0.11 sys=0.00, real=0.04 secs] 
81.996: [GC [PSYoungGen: 252800K->5248K(254464K)] 727068K->485508K(778752K), 0.0450477 secs] [Times: user=0.06 sys=0.00, real=0.05 secs] 
82.976: [GC [PSYoungGen: 252032K->4608K(254464K)] 732292K->490156K(778752K), 0.0403921 secs] [Times: user=0.11 sys=0.00, real=0.04 secs] 
83.942: [GC [PSYoungGen: 251392K->4832K(254464K)] 736940K->494988K(778752K), 0.0362764 secs] [Times: user=0.11 sys=0.00, real=0.04 secs] 
84.902: [GC [PSYoungGen: 251616K->6944K(254464K)] 741772K->501924K(778752K), 0.0686980 secs] [Times: user=0.13 sys=0.00, real=0.07 secs] 
85.923: [GC [PSYoungGen: 253728K->5088K(254464K)] 748708K->506692K(778752K), 0.0333787 secs] [Times: user=0.11 sys=0.00, real=0.03 secs] 
86.900: [GC [PSYoungGen: 251872K->5888K(254464K)] 753476K->512580K(778752K), 0.0776925 secs] [Times: user=0.11 sys=0.00, real=0.08 secs] 
87.918: [GC [PSYoungGen: 252672K->5184K(254464K)] 759364K->517788K(778752K), 0.0395582 secs] [Times: user=0.06 sys=0.00, real=0.03 secs] 
88.894: [GC [PSYoungGen: 251968K->4736K(254464K)] 764572K->522524K(778752K), 0.0377585 secs] [Times: user=0.09 sys=0.00, real=0.05 secs] 
88.932: [Full GC [PSYoungGen: 4736K->0K(254464K)] [ParOldGen: 517788K->424577K(524288K)] 522524K->424577K(778752K) [PSPermGen: 7624K->7621K(21504K)], 1.9413980 secs] [Times: user=5.30 sys=0.02, real=1.94 secs] 
91.822: [GC [PSYoungGen: 246784K->4800K(254976K)] 671361K->429377K(779264K), 0.0252744 secs] [Times: user=0.03 sys=0.00, real=0.03 secs] 
92.779: [GC [PSYoungGen: 252096K->7072K(254464K)] 676673K->436481K(778752K), 0.0324961 secs] [Times: user=0.06 sys=0.00, real=0.03 secs] 
93.753: [GC [PSYoungGen: 254368K->5472K(254464K)] 683777K->441641K(778752K), 0.0268286 secs] [Times: user=0.09 sys=0.00, real=0.03 secs] 
94.791: [GC [PSYoungGen: 252256K->5600K(254464K)] 688425K->447217K(778752K), 0.0288188 secs] [Times: user=0.05 sys=0.00, real=0.02 secs] 
95.790: [GC [PSYoungGen: 252384K->5088K(254976K)] 694001K->452321K(779264K), 0.0308620 secs] [Times: user=0.06 sys=0.00, real=0.03 secs] 
96.794: [GC [PSYoungGen: 252384K->4736K(254464K)] 699617K->457057K(778752K), 0.0438851 secs] [Times: user=0.09 sys=0.00, real=0.04 secs] 
97.947: [GC [PSYoungGen: 252032K->6912K(253952K)] 704353K->464017K(778240K), 0.0636233 secs] [Times: user=0.14 sys=0.00, real=0.06 secs] 
99.149: [GC [PSYoungGen: 253696K->5472K(254464K)] 710801K->469121K(778752K), 0.0797183 secs] [Times: user=0.13 sys=0.00, real=0.09 secs] 
100.258: [GC [PSYoungGen: 252256K->5568K(254976K)] 715905K->474713K(779264K), 0.0293689 secs] [Times: user=0.11 sys=0.00, real=0.03 secs] 
101.327: [GC [PSYoungGen: 252864K->5568K(254464K)] 722009K->480297K(778752K), 0.0271529 secs] [Times: user=0.12 sys=0.00, real=0.03 secs] 
102.510: [GC [PSYoungGen: 252864K->4992K(254976K)] 727593K->485337K(779264K), 0.0601750 secs] [Times: user=0.11 sys=0.00, real=0.06 secs] 
103.714: [GC [PSYoungGen: 252800K->4864K(254976K)] 733145K->490233K(779264K), 0.0292346 secs] [Times: user=0.05 sys=0.00, real=0.03 secs] 
104.783: [GC [PSYoungGen: 252672K->6848K(253952K)] 738041K->497121K(778240K), 0.0462410 secs] [Times: user=0.14 sys=0.00, real=0.05 secs] 
105.780: [GC [PSYoungGen: 253632K->5216K(254464K)] 743905K->502017K(778752K), 0.0327642 secs] [Times: user=0.06 sys=0.00, real=0.03 secs] 
106.967: [GC [PSYoungGen: 252000K->5600K(254976K)] 748801K->524033K(779264K), 0.1342836 secs] [Times: user=0.41 sys=0.00, real=0.14 secs] 
107.101: [Full GC [PSYoungGen: 5600K->0K(254976K)] [ParOldGen: 518433K->497543K(524288K)] 524033K->497543K(779264K) [PSPermGen: 7623K->7623K(21504K)], 1.5129408 secs] [Times: user=3.88 sys=0.00, real=1.51 secs] 
109.621: [GC [PSYoungGen: 247296K->5312K(254464K)] 744839K->502855K(778752K), 0.0441979 secs] [Times: user=0.14 sys=0.00, real=0.05 secs] 
110.632: [GC [PSYoungGen: 252608K->7168K(251904K)] 750151K->507703K(776192K), 0.0337862 secs] [Times: user=0.09 sys=0.00, real=0.03 secs] 
111.630: [GC [PSYoungGen: 251904K->4736K(253440K)] 752439K->512519K(777728K), 0.0352534 secs] [Times: user=0.08 sys=0.00, real=0.03 secs] 
112.608: [GC [PSYoungGen: 249472K->8704K(249344K)] 757255K->519383K(773632K), 0.0390366 secs] [Times: user=0.06 sys=0.02, real=0.03 secs] 
113.573: [GC [PSYoungGen: 249344K->5536K(251392K)] 760023K->524663K(775680K), 0.0421056 secs] [Times: user=0.09 sys=0.00, real=0.05 secs] 
113.615: [Full GC [PSYoungGen: 5536K->0K(251392K)] [ParOldGen: 519127K->516906K(524288K)] 524663K->516906K(775680K) [PSPermGen: 7624K->7624K(21504K)], 1.7871707 secs] [Times: user=4.93 sys=0.00, real=1.79 secs] 
116.356: [Full GC [PSYoungGen: 240640K->0K(251392K)] [ParOldGen: 516906K->521227K(524288K)] 757546K->521227K(775680K) [PSPermGen: 7625K->7625K(21504K)], 1.6700591 secs] [Times: user=4.04 sys=0.01, real=1.67 secs] 
118.999: [Full GC [PSYoungGen: 240640K->1249K(251392K)] [ParOldGen: 521227K->524276K(524288K)] 761867K->525526K(775680K) [PSPermGen: 7625K->7625K(21504K)], 1.8610690 secs] [Times: user=4.46 sys=0.00, real=1.86 secs] 
121.790: [Full GC [PSYoungGen: 240640K->5193K(251392K)] [ParOldGen: 524276K->523833K(524288K)] 764916K->529026K(775680K) [PSPermGen: 7625K->7625K(21504K)], 1.9284726 secs] [Times: user=4.59 sys=0.00, real=1.92 secs] 
124.648: [Full GC [PSYoungGen: 240640K->8628K(251392K)] [ParOldGen: 523833K->524145K(524288K)] 764473K->532773K(775680K) [PSPermGen: 7625K->7625K(21504K)], 2.9718568 secs] [Times: user=7.19 sys=0.00, real=2.96 secs] 
128.518: [Full GC [PSYoungGen: 240640K->12727K(251392K)] [ParOldGen: 524145K->524121K(524288K)] 764785K->536848K(775680K) [PSPermGen: 7625K->7625K(21504K)], 2.9423690 secs] [Times: user=7.19 sys=0.02, real=2.95 secs] 
135.203: [Full GC [PSYoungGen: 240640K->16931K(251392K)] [ParOldGen: 524121K->524111K(524288K)] 764761K->541042K(775680K) [PSPermGen: 7625K->7625K(21504K)], 2.0586660 secs] [Times: user=5.07 sys=0.00, real=2.06 secs] 
138.964: [Full GC [PSYoungGen: 240640K->21095K(251392K)] [ParOldGen: 524111K->524136K(524288K)] 764751K->545232K(775680K) [PSPermGen: 7625K->7625K(21504K)], 1.8620733 secs] [Times: user=4.71 sys=0.00, real=1.87 secs] 
141.662: [Full GC [PSYoungGen: 240640K->24908K(251392K)] [ParOldGen: 524136K->524200K(524288K)] 764776K->549108K(775680K) [PSPermGen: 7625K->7625K(21504K)], 2.0620103 secs] [Times: user=5.09 sys=0.00, real=2.06 secs] 
144.578: [Full GC [PSYoungGen: 240640K->28079K(251392K)] [ParOldGen: 524200K->524111K(524288K)] 764840K->552191K(775680K) [PSPermGen: 7628K->7628K(21504K)], 2.0663146 secs] [Times: user=5.15 sys=0.00, real=2.08 secs] 
147.468: [Full GC [PSYoungGen: 240640K->31691K(251392K)] [ParOldGen: 524111K->523818K(524288K)] 764751K->555510K(775680K) [PSPermGen: 7630K->7630K(21504K)], 2.0980428 secs] [Times: user=5.12 sys=0.00, real=2.11 secs] 
150.373: [Full GC [PSYoungGen: 240640K->35107K(251392K)] [ParOldGen: 523818K->524104K(524288K)] 764458K->559212K(775680K) [PSPermGen: 7630K->7630K(21504K)], 2.1313454 secs] [Times: user=5.19 sys=0.02, real=2.12 secs] 
152.562: [Full GC [PSYoungGen: 39545K->35138K(251392K)] [ParOldGen: 524104K->524104K(524288K)] 563649K->559242K(775680K) [PSPermGen: 7630K->7630K(21504K)], 1.5444317 secs] [Times: user=3.92 sys=0.00, real=1.54 secs] 
161.741: [Full GC [PSYoungGen: 240640K->39268K(251392K)] [ParOldGen: 524104K->523879K(524288K)] 764744K->563148K(775680K) [PSPermGen: 7630K->7630K(21504K)], 2.1967727 secs] [Times: user=5.34 sys=0.01, real=2.20 secs] 
164.825: [Full GC [PSYoungGen: 240640K->42730K(251392K)] [ParOldGen: 523879K->524215K(524288K)] 764519K->566946K(775680K) [PSPermGen: 7630K->7630K(21504K)], 2.3364703 secs] [Times: user=5.48 sys=0.03, real=2.34 secs] 
168.001: [Full GC [PSYoungGen: 240640K->46354K(251392K)] [ParOldGen: 524215K->524003K(524288K)] 764855K->570358K(775680K) [PSPermGen: 7630K->7630K(21504K)], 1.9815764 secs] [Times: user=4.91 sys=0.03, real=1.98 secs] 
170.756: [Full GC [PSYoungGen: 240640K->49727K(251392K)] [ParOldGen: 524003K->523810K(524288K)] 764643K->573537K(775680K) [PSPermGen: 7630K->7630K(21504K)], 1.9651797 secs] [Times: user=4.74 sys=0.00, real=1.97 secs] 
173.472: [Full GC [PSYoungGen: 240640K->52310K(251392K)] [ParOldGen: 523810K->524033K(524288K)] 764450K->576344K(775680K) [PSPermGen: 7630K->7630K(21504K)], 2.1827824 secs] [Times: user=5.26 sys=0.01, real=2.18 secs] 
176.387: [Full GC [PSYoungGen: 240640K->55449K(251392K)] [ParOldGen: 524033K->523850K(524288K)] 764673K->579300K(775680K) [PSPermGen: 7630K->7630K(21504K)], 2.3138054 secs] [Times: user=5.44 sys=0.00, real=2.31 secs] 
179.425: [Full GC [PSYoungGen: 240640K->58227K(251392K)] [ParOldGen: 523850K->524165K(524288K)] 764490K->582393K(775680K) [PSPermGen: 7630K->7630K(21504K)], 3.2703722 secs] [Times: user=8.16 sys=0.00, real=3.28 secs] 
183.421: [Full GC [PSYoungGen: 240640K->61967K(251392K)] [ParOldGen: 524165K->524066K(524288K)] 764805K->586034K(775680K) [PSPermGen: 7630K->7630K(21504K)], 2.3211220 secs] [Times: user=5.10 sys=0.00, real=2.32 secs] 
186.450: [Full GC [PSYoungGen: 240640K->65307K(251392K)] [ParOldGen: 524066K->523946K(524288K)] 764706K->589254K(775680K) [PSPermGen: 7630K->7630K(21504K)], 2.0874165 secs] [Times: user=4.99 sys=0.02, real=2.08 secs] 
189.231: [Full GC [PSYoungGen: 240640K->68412K(251392K)] [ParOldGen: 523946K->523796K(524288K)] 764586K->592208K(775680K) [PSPermGen: 7630K->7630K(21504K)], 2.2075313 secs] [Times: user=5.35 sys=0.00, real=2.20 secs] 
192.122: [Full GC